// Jest Snapshot v1, https://goo.gl/fbAQLP

exports[`components panel Basic usage of Panel && Panel's children com 1`] = `
<div
  className="snake-design-panel"
>
  <Component>
    Addons
  </Component>
  <Component>
    标题
  </Component>
  <Component>
    <Component>
      Item1
    </Component>
    <Component>
      Item2
    </Component>
  </Component>
  <Component>
    底部
  </Component>
</div>
`;
